// Jest Snapshot v1, https://goo.gl/fbAQLP

exports[`Tests for App functionality should match app snapshot 1`] = `ReactWrapper {}`;
